29381 openat(AT_FDCWD, "/usr/lib/tls/x86_64/libnss_db.so.2", O_RDONLY|O_CLOEXEC) = -1 ENOENT (No such file or directory)
29381 newfstatat(AT_FDCWD, "/usr/lib/tls/x86_64", 0x7ffe222418f0, 0) = -1 ENOENT (No such file or directory)
29381 openat(AT_FDCWD, "/usr/lib/tls/libnss_db.so.2", O_RDONLY|O_CLOEXEC) = -1 ENOENT (No such file or directory)
29381 newfstatat(AT_FDCWD, "/usr/lib/tls", 0x7ffe222418f0, 0) = -1 ENOENT (No such file or directory)
29381 openat(AT_FDCWD, "/usr/lib/x86_64/x86_64/libnss_db.so.2", O_RDONLY|O_CLOEXEC) = -1 ENOENT (No such file or directory)
29381 newfstatat(AT_FDCWD, "/usr/lib/x86_64/x86_64", 0x7ffe222418f0, 0) = -1 ENOENT (No such file or directory)
29381 openat(AT_FDCWD, "/usr/lib/x86_64/libnss_db.so.2", O_RDONLY|O_CLOEXEC) = -1 ENOENT (No such file or directory)
29381 newfstatat(AT_FDCWD, "/usr/lib/x86_64", 0x7ffe222418f0, 0) = -1 ENOENT (No such file or directory)
29381 openat(AT_FDCWD, "/usr/lib/x86_64/libnss_db.so.2", O_RDONLY|O_CLOEXEC) = -1 ENOENT (No such file or directory)
29381 newfstatat(AT_FDCWD, "/usr/lib/x86_64", 0x7ffe222418f0, 0) = -1 ENOENT (No such file or directory)
29381 openat(AT_FDCWD, "/usr/lib/libnss_db.so.2", O_RDONLY|O_CLOEXEC) = -1 ENOENT (No such file or directory)
29381 newfstatat(AT_FDCWD, "/usr/lib", {st_mode=S_IFDIR|0755, st_size=4096, ...}, 0) = 0
29381 munmap(0x7f3110867000, 20287)     = 0
29381 openat(AT_FDCWD, "/etc/ld.so.cache", O_RDONLY|O_CLOEXEC) = 3
29381 newfstatat(3, "", {st_mode=S_IFREG|0644, st_size=20287, ...}, AT_EMPTY_PATH) = 0
29381 mmap(NULL, 20287, PROT_READ, MAP_PRIVATE, 3, 0) = 0x7f3110867000
29381 close(3)                          = 0
29381 openat(AT_FDCWD, "/lib/x86_64-linux-gnu/libnss_db-2.35.so", O_RDONLY|O_CLOEXEC) = -1 ENOENT (No such file or directory)
29381 openat(AT_FDCWD, "/usr/lib/x86_64-linux-gnu/libnss_db-2.35.so", O_RDONLY|O_CLOEXEC) = -1 ENOENT (No such file or directory)
29381 openat(AT_FDCWD, "/lib/libnss_db-2.35.so", O_RDONLY|O_CLOEXEC) = -1 ENOENT (No such file or directory)
29381 openat(AT_FDCWD, "/usr/lib/libnss_db-2.35.so", O_RDONLY|O_CLOEXEC) = -1 ENOENT (No such file or directory)
29381 munmap(0x7f3110867000, 20287)     = 0
29381 openat(AT_FDCWD, "/etc/protocols", O_RDONLY|O_CLOEXEC) = 3
29381 newfstatat(3, "", {st_mode=S_IFREG|0644, st_size=2932, ...}, AT_EMPTY_PATH) = 0
29381 lseek(3, 0, SEEK_SET)             = 0
29381 read(3, "# Internet (IP) protocols\n#\n# Up"..., 4096) = 2932
29381 read(3, "", 4096)                 = 0
29381 close(3)                          = 0
29381 eventfd2(0, EFD_CLOEXEC)          = 3
29381 fcntl(3, F_GETFL)                 = 0x2 (flags O_RDWR)
29381 fcntl(3, F_SETFL, O_RDWR|O_NONBLOCK) = 0
29381 fcntl(3, F_GETFL)                 = 0x802 (flags O_RDWR|O_NONBLOCK)
29381 fcntl(3, F_SETFL, O_RDWR|O_NONBLOCK) = 0
29381 getpid()                          = 29381
29381 getpid()                          = 29381
29381 getrandom("\x04\x44\xcc\x65\x5b\x49\x1b\x6d\x08\x74\x74\x44\xde\xe3\xc0\xa8", 16, 0) = 16
29381 getrandom("\x30\x21\x5d\x18\x5a\x8b\x4e\x62\xfc\x53\x15\x30\xe6\x47\x62\xfe", 16, 0) = 16
29381 eventfd2(0, EFD_CLOEXEC)          = 4
29381 fcntl(4, F_GETFL)                 = 0x2 (flags O_RDWR)
29381 fcntl(4, F_SETFL, O_RDWR|O_NONBLOCK) = 0
29381 fcntl(4, F_GETFL)                 = 0x802 (flags O_RDWR|O_NONBLOCK)
29381 fcntl(4, F_SETFL, O_RDWR|O_NONBLOCK) = 0
29381 getpid()                          = 29381
29381 epoll_create1(EPOLL_CLOEXEC)      = 5
29381 epoll_ctl(5, EPOLL_CTL_ADD, 4, {events=0, data={u32=1931158112, u64=93855556510304}}) = 0
29381 epoll_ctl(5, EPOLL_CTL_MOD, 4, {events=EPOLLIN, data={u32=1931158112, u64=93855556510304}}) = 0
29381 getpid()                          = 29381
29381 rt_sigaction(SIGRT_1, {sa_handler=0x7f3110633870, sa_mask=[], sa_flags=SA_RESTORER|SA_ONSTACK|SA_RESTART|SA_SIGINFO, sa_restorer=0x7f31105e4520}, NULL, 8) = 0
29381 rt_sigprocmask(SIG_UNBLOCK, [RTMIN RT_1], NULL, 8) = 0
29381 mmap(NULL, 8392704, PROT_NONE, MAP_PRIVATE|MAP_ANONYMOUS|MAP_STACK, -1, 0) = 0x7f310f6e6000
29381 mprotect(0x7f310f6e7000, 8388608, PROT_READ|PROT_WRITE) = 0
29381 rt_sigprocmask(SIG_BLOCK, ~[], [], 8) = 0
29381 clone3({flags=CLONE_VM|CLONE_FS|CLONE_FILES|CLONE_SIGHAND|CLONE_THREAD|CLONE_SYSVSEM|CLONE_SETTLS|CLONE_PARENT_SETTID|CLONE_CHILD_CLEARTID, child_tid=0x7f310fee6910, parent_tid=0x7f310fee6910, exit_signal=0, stack=0x7f310f6e6000, stack_size=0x7ffc80, tls=0x7f310fee6640} => {parent_tid=[29383]}, 88) = 29383
29383 rseq(0x7f310fee6fe0, 0x20, 0, 0x53053053 <unfinished ...>
29381 rt_sigprocmask(SIG_SETMASK, [],  <unfinished ...>
29383 <... rseq resumed>)               = 0
29381 <... rt_sigprocmask resumed>NULL, 8) = 0
29383 set_robust_list(0x7f310fee6920, 24 <unfinished ...>
29381 eventfd2(0, EFD_CLOEXEC <unfinished ...>
29383 <... set_robust_list resumed>)    = 0
29381 <... eventfd2 resumed>)           = 6
29383 rt_sigprocmask(SIG_SETMASK, [],  <unfinished ...>
29381 fcntl(6, F_GETFL <unfinished ...>
29383 <... rt_sigprocmask resumed>NULL, 8) = 0
29381 <... fcntl resumed>)              = 0x2 (flags O_RDWR)
29383 rt_sigprocmask(SIG_BLOCK, ~[RTMIN RT_1],  <unfinished ...>
29381 fcntl(6, F_SETFL, O_RDWR|O_NONBLOCK <unfinished ...>
29383 <... rt_sigprocmask resumed>NULL, 8) = 0
29381 <... fcntl resumed>)              = 0
29383 sched_getparam(29383,  <unfinished ...>
29381 fcntl(6, F_GETFL <unfinished ...>
29383 <... sched_getparam resumed>[0])  = 0
29381 <... fcntl resumed>)              = 0x802 (flags O_RDWR|O_NONBLOCK)
29383 sched_getscheduler(29383 <unfinished ...>
29381 fcntl(6, F_SETFL, O_RDWR|O_NONBLOCK <unfinished ...>
29383 <... sched_getscheduler resumed>) = 0 (SCHED_OTHER)
29381 <... fcntl resumed>)              = 0
29383 sched_setscheduler(29383, SCHED_OTHER, [0] <unfinished ...>
29381 getpid( <unfinished ...>
29383 <... sched_setscheduler resumed>) = 0
29381 <... getpid resumed>)             = 29381
29383 prctl(PR_SET_NAME, "ZMQbg/Reaper" <unfinished ...>
29381 epoll_create1(EPOLL_CLOEXEC <unfinished ...>
29383 <... prctl resumed>)              = 0
29381 <... epoll_create1 resumed>)      = 7
29383 epoll_wait(5,  <unfinished ...>
29381 epoll_ctl(7, EPOLL_CTL_ADD, 6, {events=0, data={u32=1931178592, u64=93855556530784}}) = 0
29381 epoll_ctl(7, EPOLL_CTL_MOD, 6, {events=EPOLLIN, data={u32=1931178592, u64=93855556530784}}) = 0
29381 mmap(NULL, 8392704, PROT_NONE, MAP_PRIVATE|MAP_ANONYMOUS|MAP_STACK, -1, 0) = 0x7f310eee5000
29381 mprotect(0x7f310eee6000, 8388608, PROT_READ|PROT_WRITE) = 0
29381 rt_sigprocmask(SIG_BLOCK, ~[], [], 8) = 0
29381 clone3({flags=CLONE_VM|CLONE_FS|CLONE_FILES|CLONE_SIGHAND|CLONE_THREAD|CLONE_SYSVSEM|CLONE_SETTLS|CLONE_PARENT_SETTID|CLONE_CHILD_CLEARTID, child_tid=0x7f310f6e5910, parent_tid=0x7f310f6e5910, exit_signal=0, stack=0x7f310eee5000, stack_size=0x7ffc80, tls=0x7f310f6e5640} <unfinished ...>
29384 rseq(0x7f310f6e5fe0, 0x20, 0, 0x53053053 <unfinished ...>
29381 <... clone3 resumed> => {parent_tid=[29384]}, 88) = 29384
29384 <... rseq resumed>)               = 0
29381 rt_sigprocmask(SIG_SETMASK, [],  <unfinished ...>
29384 set_robust_list(0x7f310f6e5920, 24 <unfinished ...>
29381 <... rt_sigprocmask resumed>NULL, 8) = 0
29384 <... set_robust_list resumed>)    = 0
29381 eventfd2(0, EFD_CLOEXEC <unfinished ...>
29384 rt_sigprocmask(SIG_SETMASK, [],  <unfinished ...>
29381 <... eventfd2 resumed>)           = 8
29384 <... rt_sigprocmask resumed>NULL, 8) = 0
29381 fcntl(8, F_GETFL <unfinished ...>
29384 rt_sigprocmask(SIG_BLOCK, ~[RTMIN RT_1],  <unfinished ...>
29381 <... fcntl resumed>)              = 0x2 (flags O_RDWR)
29384 <... rt_sigprocmask resumed>NULL, 8) = 0
29381 fcntl(8, F_SETFL, O_RDWR|O_NONBLOCK <unfinished ...>
29384 sched_getparam(29384,  <unfinished ...>
29381 <... fcntl resumed>)              = 0
29384 <... sched_getparam resumed>[0])  = 0
29384 sched_getscheduler(29384 <unfinished ...>
29381 fcntl(8, F_GETFL <unfinished ...>
29384 <... sched_getscheduler resumed>) = 0 (SCHED_OTHER)
29381 <... fcntl resumed>)              = 0x802 (flags O_RDWR|O_NONBLOCK)
29384 sched_setscheduler(29384, SCHED_OTHER, [0] <unfinished ...>
29381 fcntl(8, F_SETFL, O_RDWR|O_NONBLOCK <unfinished ...>
29384 <... sched_setscheduler resumed>) = 0
29381 <... fcntl resumed>)              = 0
29384 prctl(PR_SET_NAME, "ZMQbg/IO/0" <unfinished ...>
29381 getpid( <unfinished ...>
29384 <... prctl resumed>)              = 0
29381 <... getpid resumed>)             = 29381
29384 epoll_wait(7,  <unfinished ...>
29381 getpid()                          = 29381
29381 poll([{fd=8, events=POLLIN}], 1, 0) = 0 (Timeout)
29381 unlink("/tmp/node_20")            = -1 ENOENT (No such file or directory)
29381 socket(AF_UNIX, SOCK_STREAM|SOCK_CLOEXEC, 0) = 9
29381 bind(9, {sa_family=AF_UNIX, sun_path="/tmp/node_20"}, 14) = 0
29381 listen(9, 100)                    = 0
29381 getsockname(9, {sa_family=AF_UNIX, sun_path="/tmp/node_20"}, [128 => 15]) = 0
29381 getpid()                          = 29381
29381 write(6, "\1\0\0\0\0\0\0\0", 8 <unfinished ...>
29384 <... epoll_wait resumed>[{events=EPOLLIN, data={u32=1931178592, u64=93855556530784}}], 256, -1) = 1
29381 <... write resumed>)              = 8
29384 getpid( <unfinished ...>
29381 getpid( <unfinished ...>
29384 <... getpid resumed>)             = 29381
29381 <... getpid resumed>)             = 29381
29384 poll([{fd=6, events=POLLIN}], 1, 0 <unfinished ...>
29381 write(8, "\1\0\0\0\0\0\0\0", 8 <unfinished ...>
29384 <... poll resumed>)               = 1 ([{fd=6, revents=POLLIN}])
29381 <... write resumed>)              = 8
29384 getpid()                          = 29381
29381 getpid( <unfinished ...>
29384 read(6,  <unfinished ...>
29381 <... getpid resumed>)             = 29381
29384 <... read resumed>"\1\0\0\0\0\0\0\0", 8) = 8
29381 poll([{fd=8, events=POLLIN}], 1, -1 <unfinished ...>
29384 mmap(NULL, 134217728, PROT_NONE, MAP_PRIVATE|MAP_ANONYMOUS|MAP_NORESERVE, -1, 0 <unfinished ...>
29381 <... poll resumed>)               = 1 ([{fd=8, revents=POLLIN}])
29384 <... mmap resumed>)               = 0x7f3106ee5000
29381 getpid( <unfinished ...>
29384 munmap(0x7f3106ee5000, 17936384 <unfinished ...>
29381 <... getpid resumed>)             = 29381
29384 <... munmap resumed>)             = 0
29381 read(8,  <unfinished ...>
29384 munmap(0x7f310c000000, 49172480 <unfinished ...>
29381 <... read resumed>"\1\0\0\0\0\0\0\0", 8) = 8
29384 <... munmap resumed>)             = 0
29381 getpid( <unfinished ...>
29384 mprotect(0x7f3108000000, 135168, PROT_READ|PROT_WRITE <unfinished ...>
29381 <... getpid resumed>)             = 29381
29384 <... mprotect resumed>)           = 0
29381 poll([{fd=8, events=POLLIN}], 1, 0 <unfinished ...>
29384 epoll_ctl(7, EPOLL_CTL_ADD, 9, {events=0, data={u32=134220656, u64=139848564345712}} <unfinished ...>
29381 <... poll resumed>)               = 0 (Timeout)
29384 <... epoll_ctl resumed>)          = 0
29381 getpid( <unfinished ...>
29384 epoll_ctl(7, EPOLL_CTL_MOD, 9, {events=EPOLLIN, data={u32=134220656, u64=139848564345712}} <unfinished ...>
29381 <... getpid resumed>)             = 29381
29384 <... epoll_ctl resumed>)          = 0
29381 poll([{fd=8, events=POLLIN}], 1, -1 <unfinished ...>
29384 getpid()                          = 29381
29384 poll([{fd=6, events=POLLIN}], 1, 0) = 0 (Timeout)
29384 epoll_wait(7,  <unfinished ...>
29185 <... read resumed>"ping 10\n", 1024) = 8
29185 eventfd2(0, EFD_CLOEXEC)          = 4
29185 fcntl(4, F_GETFL)                 = 0x2 (flags O_RDWR)
29185 fcntl(4, F_SETFL, O_RDWR|O_NONBLOCK) = 0
29185 fcntl(4, F_GETFL)                 = 0x802 (flags O_RDWR|O_NONBLOCK)
29185 fcntl(4, F_SETFL, O_RDWR|O_NONBLOCK) = 0
29185 getpid()                          = 29185
29185 epoll_create1(EPOLL_CLOEXEC)      = 5
29185 epoll_ctl(5, EPOLL_CTL_ADD, 4, {events=0, data={u32=2025755936, u64=93838471238944}}) = 0
29185 epoll_ctl(5, EPOLL_CTL_MOD, 4, {events=EPOLLIN, data={u32=2025755936, u64=93838471238944}}) = 0
29185 getpid()                          = 29185
29185 rt_sigaction(SIGRT_1, {sa_handler=0x7f913b1de870, sa_mask=[], sa_flags=SA_RESTORER|SA_ONSTACK|SA_RESTART|SA_SIGINFO, sa_restorer=0x7f913b18f520}, NULL, 8) = 0
29185 rt_sigprocmask(SIG_UNBLOCK, [RTMIN RT_1], NULL, 8) = 0
29185 mmap(NULL, 8392704, PROT_NONE, MAP_PRIVATE|MAP_ANONYMOUS|MAP_STACK, -1, 0) = 0x7f913a291000
29185 mprotect(0x7f913a292000, 8388608, PROT_READ|PROT_WRITE) = 0
29185 rt_sigprocmask(SIG_BLOCK, ~[], [], 8) = 0
29185 clone3({flags=CLONE_VM|CLONE_FS|CLONE_FILES|CLONE_SIGHAND|CLONE_THREAD|CLONE_SYSVSEM|CLONE_SETTLS|CLONE_PARENT_SETTID|CLONE_CHILD_CLEARTID, child_tid=0x7f913aa91910, parent_tid=0x7f913aa91910, exit_signal=0, stack=0x7f913a291000, stack_size=0x7ffc80, tls=0x7f913aa91640} => {parent_tid=[29466]}, 88) = 29466
29466 rseq(0x7f913aa91fe0, 0x20, 0, 0x53053053 <unfinished ...>
29185 rt_sigprocmask(SIG_SETMASK, [],  <unfinished ...>
29466 <... rseq resumed>)               = 0
29185 <... rt_sigprocmask resumed>NULL, 8) = 0
29466 set_robust_list(0x7f913aa91920, 24 <unfinished ...>
29185 eventfd2(0, EFD_CLOEXEC <unfinished ...>
29466 <... set_robust_list resumed>)    = 0
29185 <... eventfd2 resumed>)           = 6
29466 rt_sigprocmask(SIG_SETMASK, [],  <unfinished ...>
29185 fcntl(6, F_GETFL <unfinished ...>
29466 <... rt_sigprocmask resumed>NULL, 8) = 0
29185 <... fcntl resumed>)              = 0x2 (flags O_RDWR)
29466 rt_sigprocmask(SIG_BLOCK, ~[RTMIN RT_1],  <unfinished ...>
29185 fcntl(6, F_SETFL, O_RDWR|O_NONBLOCK <unfinished ...>
29466 <... rt_sigprocmask resumed>NULL, 8) = 0
29185 <... fcntl resumed>)              = 0
29466 sched_getparam(29466,  <unfinished ...>
29185 fcntl(6, F_GETFL <unfinished ...>
29466 <... sched_getparam resumed>[0])  = 0
29185 <... fcntl resumed>)              = 0x802 (flags O_RDWR|O_NONBLOCK)
29466 sched_getscheduler(29466 <unfinished ...>
29185 fcntl(6, F_SETFL, O_RDWR|O_NONBLOCK <unfinished ...>
29466 <... sched_getscheduler resumed>) = 0 (SCHED_OTHER)
29185 <... fcntl resumed>)              = 0
29466 sched_setscheduler(29466, SCHED_OTHER, [0] <unfinished ...>
29185 getpid( <unfinished ...>
29466 <... sched_setscheduler resumed>) = 0
29185 <... getpid resumed>)             = 29185
29466 prctl(PR_SET_NAME, "ZMQbg/Reaper" <unfinished ...>
29185 epoll_create1(EPOLL_CLOEXEC)      = 7
29466 <... prctl resumed>)              = 0
29185 epoll_ctl(7, EPOLL_CTL_ADD, 6, {events=0, data={u32=2025734752, u64=93838471217760}} <unfinished ...>
29466 epoll_wait(5,  <unfinished ...>
29185 <... epoll_ctl resumed>)          = 0
29185 epoll_ctl(7, EPOLL_CTL_MOD, 6, {events=EPOLLIN, data={u32=2025734752, u64=93838471217760}}) = 0
29185 mmap(NULL, 8392704, PROT_NONE, MAP_PRIVATE|MAP_ANONYMOUS|MAP_STACK, -1, 0) = 0x7f9139a90000
29185 mprotect(0x7f9139a91000, 8388608, PROT_READ|PROT_WRITE) = 0
29185 rt_sigprocmask(SIG_BLOCK, ~[], [], 8) = 0
29185 clone3({flags=CLONE_VM|CLONE_FS|CLONE_FILES|CLONE_SIGHAND|CLONE_THREAD|CLONE_SYSVSEM|CLONE_SETTLS|CLONE_PARENT_SETTID|CLONE_CHILD_CLEARTID, child_tid=0x7f913a290910, parent_tid=0x7f913a290910, exit_signal=0, stack=0x7f9139a90000, stack_size=0x7ffc80, tls=0x7f913a290640} => {parent_tid=[29467]}, 88) = 29467
29467 rseq(0x7f913a290fe0, 0x20, 0, 0x53053053 <unfinished ...>
29185 rt_sigprocmask(SIG_SETMASK, [],  <unfinished ...>
29467 <... rseq resumed>)               = 0
29185 <... rt_sigprocmask resumed>NULL, 8) = 0
29467 set_robust_list(0x7f913a290920, 24 <unfinished ...>
29185 eventfd2(0, EFD_CLOEXEC <unfinished ...>
29467 <... set_robust_list resumed>)    = 0
29185 <... eventfd2 resumed>)           = 8
29467 rt_sigprocmask(SIG_SETMASK, [],  <unfinished ...>
29185 fcntl(8, F_GETFL <unfinished ...>
29467 <... rt_sigprocmask resumed>NULL, 8) = 0
29185 <... fcntl resumed>)              = 0x2 (flags O_RDWR)
29185 fcntl(8, F_SETFL, O_RDWR|O_NONBLOCK <unfinished ...>
29467 rt_sigprocmask(SIG_BLOCK, ~[RTMIN RT_1],  <unfinished ...>
29185 <... fcntl resumed>)              = 0
29467 <... rt_sigprocmask resumed>NULL, 8) = 0
29185 fcntl(8, F_GETFL <unfinished ...>
29467 sched_getparam(29467,  <unfinished ...>
29185 <... fcntl resumed>)              = 0x802 (flags O_RDWR|O_NONBLOCK)
29467 <... sched_getparam resumed>[0])  = 0
29185 fcntl(8, F_SETFL, O_RDWR|O_NONBLOCK <unfinished ...>
29467 sched_getscheduler(29467 <unfinished ...>
29185 <... fcntl resumed>)              = 0
29467 <... sched_getscheduler resumed>) = 0 (SCHED_OTHER)
29185 getpid( <unfinished ...>
29467 sched_setscheduler(29467, SCHED_OTHER, [0] <unfinished ...>
29185 <... getpid resumed>)             = 29185
29467 <... sched_setscheduler resumed>) = 0
29185 getpid( <unfinished ...>
29467 prctl(PR_SET_NAME, "ZMQbg/IO/0" <unfinished ...>
29185 <... getpid resumed>)             = 29185
29185 poll([{fd=8, events=POLLIN}], 1, 0 <unfinished ...>
29467 <... prctl resumed>)              = 0
29185 <... poll resumed>)               = 0 (Timeout)
29467 epoll_wait(7,  <unfinished ...>
29185 brk(0x555878c14000)               = 0x555878c14000
29185 getpid()                          = 29185
29185 write(6, "\1\0\0\0\0\0\0\0", 8)   = 8
29467 <... epoll_wait resumed>[{events=EPOLLIN, data={u32=2025734752, u64=93838471217760}}], 256, -1) = 1
29185 getpid( <unfinished ...>
29467 getpid( <unfinished ...>
29185 <... getpid resumed>)             = 29185
29467 <... getpid resumed>)             = 29185
29185 write(8, "\1\0\0\0\0\0\0\0", 8 <unfinished ...>
29467 poll([{fd=6, events=POLLIN}], 1, 0 <unfinished ...>
29185 <... write resumed>)              = 8
29467 <... poll resumed>)               = 1 ([{fd=6, revents=POLLIN}])
29185 getpid( <unfinished ...>
29467 getpid( <unfinished ...>
29185 <... getpid resumed>)             = 29185
29467 <... getpid resumed>)             = 29185
29185 poll([{fd=8, events=POLLIN}], 1, 0 <unfinished ...>
29467 read(6,  <unfinished ...>
29185 <... poll resumed>)               = 1 ([{fd=8, revents=POLLIN}])
29467 <... read resumed>"\1\0\0\0\0\0\0\0", 8) = 8
29185 getpid( <unfinished ...>
29467 mmap(NULL, 134217728, PROT_NONE, MAP_PRIVATE|MAP_ANONYMOUS|MAP_NORESERVE, -1, 0 <unfinished ...>
29185 <... getpid resumed>)             = 29185
29467 <... mmap resumed>)               = 0x7f9131a90000
29185 read(8,  <unfinished ...>
29467 munmap(0x7f9131a90000, 39256064 <unfinished ...>
29185 <... read resumed>"\1\0\0\0\0\0\0\0", 8) = 8
29467 <... munmap resumed>)             = 0
29185 getpid( <unfinished ...>
29467 munmap(0x7f9138000000, 27852800 <unfinished ...>
29185 <... getpid resumed>)             = 29185
29467 <... munmap resumed>)             = 0
29185 poll([{fd=8, events=POLLIN}], 1, 0 <unfinished ...>
29467 mprotect(0x7f9134000000, 135168, PROT_READ|PROT_WRITE <unfinished ...>
29185 <... poll resumed>)               = 0 (Timeout)
29467 <... mprotect resumed>)           = 0
29185 getpid()                          = 29185
29467 socket(AF_UNIX, SOCK_STREAM|SOCK_CLOEXEC, 0 <unfinished ...>
29185 poll([{fd=8, events=POLLIN}], 1, 1000 <unfinished ...>
29467 <... socket resumed>)             = 9
29467 fcntl(9, F_GETFL)                 = 0x2 (flags O_RDWR)
29467 fcntl(9, F_SETFL, O_RDWR|O_NONBLOCK) = 0
29467 connect(9, {sa_family=AF_UNIX, sun_path="/tmp/node_10"}, 14) = 0
29305 <... epoll_wait resumed>[{events=EPOLLIN, data={u32=2281704304, u64=140396172675952}}], 256, -1) = 1
29467 epoll_ctl(7, EPOLL_CTL_ADD, 9, {events=0, data={u32=872419696, u64=140261619405168}} <unfinished ...>
29305 accept4(9, NULL, NULL, SOCK_CLOEXEC <unfinished ...>
29467 <... epoll_ctl resumed>)          = 0
29305 <... accept4 resumed>)            = 10
29467 getsockopt(9, SOL_SOCKET, SO_ERROR, [0], [4]) = 0
29305 getpeername(10,  <unfinished ...>
29467 epoll_ctl(7, EPOLL_CTL_DEL, 9, 0x7f9134001174) = 0
29305 <... getpeername resumed>{sa_family=AF_UNIX}, [128 => 2]) = 0
29467 getsockname(9, {sa_family=AF_UNIX}, [128 => 2]) = 0
29305 getsockname(10,  <unfinished ...>
29467 getpeername(9, {sa_family=AF_UNIX, sun_path="/tmp/node_10"}, [128 => 15]) = 0
29305 <... getsockname resumed>{sa_family=AF_UNIX, sun_path="/tmp/node_10"}, [128 => 15]) = 0
29467 getsockopt(9, SOL_SOCKET, SO_PEERCRED,  <unfinished ...>
29305 getpeername(10,  <unfinished ...>
29467 <... getsockopt resumed>{pid=29303, uid=1000, gid=1000}, [12]) = 0
29305 <... getpeername resumed>{sa_family=AF_UNIX}, [128 => 2]) = 0
29467 futex(0x7f913af0877c, FUTEX_WAKE_PRIVATE, 2147483647 <unfinished ...>
29305 getsockopt(10, SOL_SOCKET, SO_PEERCRED,  <unfinished ...>
29467 <... futex resumed>)              = 0
29305 <... getsockopt resumed>{pid=29185, uid=1000, gid=1000}, [12]) = 0
29467 futex(0x7f913af08788, FUTEX_WAKE_PRIVATE, 2147483647 <unfinished ...>
29305 futex(0x7fb09044b77c, FUTEX_WAKE_PRIVATE, 2147483647 <unfinished ...>
29467 <... futex resumed>)              = 0
29305 <... futex resumed>)              = 0
29467 fcntl(9, F_GETFL <unfinished ...>
29305 futex(0x7fb09044b788, FUTEX_WAKE_PRIVATE, 2147483647 <unfinished ...>
29467 <... fcntl resumed>)              = 0x802 (flags O_RDWR|O_NONBLOCK)
29305 <... futex resumed>)              = 0
29467 fcntl(9, F_SETFL, O_RDWR|O_NONBLOCK) = 0
29305 fcntl(10, F_GETFL <unfinished ...>
29467 epoll_ctl(7, EPOLL_CTL_ADD, 9, {events=0, data={u32=872419760, u64=140261619405232}} <unfinished ...>
29305 <... fcntl resumed>)              = 0x2 (flags O_RDWR)
29467 <... epoll_ctl resumed>)          = 0
29305 fcntl(10, F_SETFL, O_RDWR|O_NONBLOCK <unfinished ...>
29467 epoll_ctl(7, EPOLL_CTL_MOD, 9, {events=EPOLLIN, data={u32=872419760, u64=140261619405232}} <unfinished ...>
29305 <... fcntl resumed>)              = 0
29467 <... epoll_ctl resumed>)          = 0
29305 getpid( <unfinished ...>
29467 epoll_ctl(7, EPOLL_CTL_MOD, 9, {events=EPOLLIN|EPOLLOUT, data={u32=872419760, u64=140261619405232}} <unfinished ...>
29305 <... getpid resumed>)             = 29303
29467 <... epoll_ctl resumed>)          = 0
29305 write(6, "\1\0\0\0\0\0\0\0", 8 <unfinished ...>
29467 recvfrom(9,  <unfinished ...>
29305 <... write resumed>)              = 8
29467 <... recvfrom resumed>0x7f91340018b8, 12, 0, NULL, NULL) = -1 EAGAIN (Resource temporarily unavailable)
29305 epoll_wait(7,  <unfinished ...>
29467 getpid( <unfinished ...>
29305 <... epoll_wait resumed>[{events=EPOLLIN, data={u32=482779744, u64=94399568978528}}], 256, -1) = 1
29467 <... getpid resumed>)             = 29185
29305 getpid( <unfinished ...>
29467 poll([{fd=6, events=POLLIN}], 1, 0 <unfinished ...>
29305 <... getpid resumed>)             = 29303
29467 <... poll resumed>)               = 0 (Timeout)
29305 poll([{fd=6, events=POLLIN}], 1, 0 <unfinished ...>
29467 epoll_wait(7,  <unfinished ...>
29305 <... poll resumed>)               = 1 ([{fd=6, revents=POLLIN}])
29467 <... epoll_wait resumed>[{events=EPOLLOUT, data={u32=872419760, u64=140261619405232}}], 256, 29999) = 1
29305 getpid( <unfinished ...>
29467 sendto(9, "\377\0\0\0\0\0\0\0\1\177", 10, 0, NULL, 0 <unfinished ...>
29305 <... getpid resumed>)             = 29303
29467 <... sendto resumed>)             = 10
29305 read(6,  <unfinished ...>
29467 epoll_ctl(7, EPOLL_CTL_MOD, 9, {events=EPOLLIN, data={u32=872419760, u64=140261619405232}} <unfinished ...>
29305 <... read resumed>"\1\0\0\0\0\0\0\0", 8) = 8
29467 <... epoll_ctl resumed>)          = 0
29305 epoll_ctl(7, EPOLL_CTL_ADD, 10, {events=0, data={u32=2281704384, u64=140396172676032}} <unfinished ...>
29467 epoll_wait(7,  <unfinished ...>
29305 <... epoll_ctl resumed>)          = 0
29305 epoll_ctl(7, EPOLL_CTL_MOD, 10, {events=EPOLLIN, data={u32=2281704384, u64=140396172676032}}) = 0
29305 epoll_ctl(7, EPOLL_CTL_MOD, 10, {events=EPOLLIN|EPOLLOUT, data={u32=2281704384, u64=140396172676032}}) = 0
29305 recvfrom(10, "\377\0\0\0\0\0\0\0\1\177", 12, 0, NULL, NULL) = 10
29305 recvfrom(10, 0x7fb0880012d2, 2, 0, NULL, NULL) = -1 EAGAIN (Resource temporarily unavailable)
29305 getpid()                          = 29303
29305 poll([{fd=6, events=POLLIN}], 1, 0) = 0 (Timeout)
29305 epoll_wait(7, [{events=EPOLLOUT, data={u32=2281704384, u64=140396172676032}}], 256, 29997) = 1
29305 sendto(10, "\377\0\0\0\0\0\0\0\1\177\3", 11, 0, NULL, 0) = 11
29467 <... epoll_wait resumed>[{events=EPOLLIN, data={u32=872419760, u64=140261619405232}}], 256, 29998) = 1
29305 epoll_ctl(7, EPOLL_CTL_MOD, 10, {events=EPOLLIN, data={u32=2281704384, u64=140396172676032}} <unfinished ...>
29467 recvfrom(9,  <unfinished ...>
29305 <... epoll_ctl resumed>)          = 0
29467 <... recvfrom resumed>"\377\0\0\0\0\0\0\0\1\177\3", 12, 0, NULL, NULL) = 11
29305 epoll_wait(7,  <unfinished ...>
29467 epoll_ctl(7, EPOLL_CTL_MOD, 9, {events=EPOLLIN|EPOLLOUT, data={u32=872419760, u64=140261619405232}}) = 0
29467 recvfrom(9, 0x7f91340018c3, 53, 0, NULL, NULL) = -1 EAGAIN (Resource temporarily unavailable)
29467 epoll_wait(7, [{events=EPOLLOUT, data={u32=872419760, u64=140261619405232}}], 256, 29993) = 1
29467 sendto(9, "\3\1NULL\0\0\0\0\0\0\0\0\0\0\0\0\0\0\0\0\0\0\0\0\0\0\0\0\0\0"..., 54, 0, NULL, 0) = 54
29305 <... epoll_wait resumed>[{events=EPOLLIN, data={u32=2281704384, u64=140396172676032}}], 256, 29996) = 1
29467 epoll_ctl(7, EPOLL_CTL_MOD, 9, {events=EPOLLIN, data={u32=872419760, u64=140261619405232}} <unfinished ...>
29305 recvfrom(10,  <unfinished ...>
29467 <... epoll_ctl resumed>)          = 0
29305 <... recvfrom resumed>"\3\1", 2, 0, NULL, NULL) = 2
29467 epoll_wait(7,  <unfinished ...>
29305 epoll_ctl(7, EPOLL_CTL_MOD, 10, {events=EPOLLIN|EPOLLOUT, data={u32=2281704384, u64=140396172676032}}) = 0
29305 recvfrom(10, "NULL\0\0\0\0\0\0\0\0\0\0\0\0\0\0\0\0\0\0\0\0\0\0\0\0\0\0\0\0"..., 52, 0, NULL, NULL) = 52
29305 recvfrom(10, 0x7fb088003d48, 8192, 0, NULL, NULL) = -1 EAGAIN (Resource temporarily unavailable)
29305 epoll_wait(7, [{events=EPOLLOUT, data={u32=2281704384, u64=140396172676032}}], 256, 29993) = 1
29305 sendto(10, "\1NULL\0\0\0\0\0\0\0\0\0\0\0\0\0\0\0\0\0\0\0\0\0\0\0\0\0\0\0"..., 53, 0, NULL, 0 <unfinished ...>
29467 <... epoll_wait resumed>[{events=EPOLLIN, data={u32=872419760, u64=140261619405232}}], 256, 29992) = 1
29305 <... sendto resumed>)             = 53
29467 recvfrom(9,  <unfinished ...>
29305 epoll_wait(7,  <unfinished ...>
29467 <... recvfrom resumed>"\1NULL\0\0\0\0\0\0\0\0\0\0\0\0\0\0\0\0\0\0\0\0\0\0\0\0\0\0\0"..., 53, 0, NULL, NULL) = 53
29305 <... epoll_wait resumed>[{events=EPOLLOUT, data={u32=2281704384, u64=140396172676032}}], 256, 29992) = 1
29467 epoll_ctl(7, EPOLL_CTL_MOD, 9, {events=EPOLLIN|EPOLLOUT, data={u32=872419760, u64=140261619405232}} <unfinished ...>
29305 sendto(10, "\4\31\5READY\vSocket-Type\0\0\0\3REP", 27, 0, NULL, 0 <unfinished ...>
29467 <... epoll_ctl resumed>)          = 0
29305 <... sendto resumed>)             = 27
29467 recvfrom(9,  <unfinished ...>
29305 epoll_wait(7,  <unfinished ...>
29467 <... recvfrom resumed>"\4\31\5READY\vSocket-Type\0\0\0\3REP", 8192, 0, NULL, NULL) = 27
29305 <... epoll_wait resumed>[{events=EPOLLOUT, data={u32=2281704384, u64=140396172676032}}], 256, 29992) = 1
29467 epoll_wait(7,  <unfinished ...>
29305 epoll_ctl(7, EPOLL_CTL_MOD, 10, {events=EPOLLIN, data={u32=2281704384, u64=140396172676032}} <unfinished ...>
29467 <... epoll_wait resumed>[{events=EPOLLOUT, data={u32=872419760, u64=140261619405232}}], 256, 29990) = 1
29305 <... epoll_ctl resumed>)          = 0
29467 getpid( <unfinished ...>
29305 epoll_wait(7,  <unfinished ...>
29467 <... getpid resumed>)             = 29185
29467 write(8, "\1\0\0\0\0\0\0\0", 8 <unfinished ...>
29185 <... poll resumed>)               = 1 ([{fd=8, revents=POLLIN}])
29467 <... write resumed>)              = 8
29185 getpid()                          = 29185
29467 sendto(9, "\4&\5READY\vSocket-Type\0\0\0\3REQ\10Iden"..., 48, 0, NULL, 0 <unfinished ...>
29185 read(8, "\1\0\0\0\0\0\0\0", 8)    = 8
29467 <... sendto resumed>)             = 48
29305 <... epoll_wait resumed>[{events=EPOLLIN, data={u32=2281704384, u64=140396172676032}}], 256, 29991) = 1
29185 getpid( <unfinished ...>
29467 epoll_wait(7,  <unfinished ...>
29185 <... getpid resumed>)             = 29185
29305 recvfrom(10,  <unfinished ...>
29185 poll([{fd=8, events=POLLIN}], 1, 0 <unfinished ...>
29467 <... epoll_wait resumed>[{events=EPOLLOUT, data={u32=872419760, u64=140261619405232}}], 256, -1) = 1
29185 <... poll resumed>)               = 0 (Timeout)
29305 <... recvfrom resumed>"\4&\5READY\vSocket-Type\0\0\0\3REQ\10Iden"..., 8192, 0, NULL, NULL) = 48
29185 getpid( <unfinished ...>
29467 epoll_ctl(7, EPOLL_CTL_MOD, 9, {events=EPOLLIN, data={u32=872419760, u64=140261619405232}} <unfinished ...>
29185 <... getpid resumed>)             = 29185
29305 getpid( <unfinished ...>
29185 poll([{fd=8, events=POLLIN}], 1, 983 <unfinished ...>
29467 <... epoll_ctl resumed>)          = 0
29305 <... getpid resumed>)             = 29303
29467 epoll_wait(7,  <unfinished ...>
29305 write(8, "\1\0\0\0\0\0\0\0", 8)   = 8
29303 <... poll resumed>)               = 1 ([{fd=8, revents=POLLIN}])
29305 epoll_ctl(7, EPOLL_CTL_MOD, 10, {events=EPOLLIN|EPOLLOUT, data={u32=2281704384, u64=140396172676032}} <unfinished ...>
29303 getpid( <unfinished ...>
29305 <... epoll_ctl resumed>)          = 0
29303 <... getpid resumed>)             = 29303
29305 epoll_ctl(7, EPOLL_CTL_MOD, 10, {events=EPOLLIN, data={u32=2281704384, u64=140396172676032}} <unfinished ...>
29303 read(8,  <unfinished ...>
29305 <... epoll_ctl resumed>)          = 0
29303 <... read resumed>"\1\0\0\0\0\0\0\0", 8) = 8
29305 epoll_wait(7,  <unfinished ...>
29303 getpid()                          = 29303
29303 write(6, "\1\0\0\0\0\0\0\0", 8 <unfinished ...>
29305 <... epoll_wait resumed>[{events=EPOLLIN, data={u32=482779744, u64=94399568978528}}], 256, -1) = 1
29303 <... write resumed>)              = 8
29305 getpid( <unfinished ...>
29303 getpid( <unfinished ...>
29305 <... getpid resumed>)             = 29303
29303 <... getpid resumed>)             = 29303
29305 poll([{fd=6, events=POLLIN}], 1, 0 <unfinished ...>
29303 poll([{fd=8, events=POLLIN}], 1, 0 <unfinished ...>
29305 <... poll resumed>)               = 1 ([{fd=6, revents=POLLIN}])
29303 <... poll resumed>)               = 0 (Timeout)
29305 getpid( <unfinished ...>
29303 getpid( <unfinished ...>
29305 <... getpid resumed>)             = 29303
29303 <... getpid resumed>)             = 29303
29305 read(6,  <unfinished ...>
29303 poll([{fd=8, events=POLLIN}], 1, 0 <unfinished ...>
29305 <... read resumed>"\1\0\0\0\0\0\0\0", 8) = 8
29303 <... poll resumed>)               = 0 (Timeout)
29305 getpid( <unfinished ...>
29303 getpid( <unfinished ...>
29305 <... getpid resumed>)             = 29303
29303 <... getpid resumed>)             = 29303
29305 poll([{fd=6, events=POLLIN}], 1, 0 <unfinished ...>
29303 write(6, "\1\0\0\0\0\0\0\0", 8 <unfinished ...>
29305 <... poll resumed>)               = 0 (Timeout)
29303 <... write resumed>)              = 8
29305 epoll_wait(7,  <unfinished ...>
29303 getpid( <unfinished ...>
29305 <... epoll_wait resumed>[{events=EPOLLIN, data={u32=482779744, u64=94399568978528}}], 256, -1) = 1
29303 <... getpid resumed>)             = 29303
29305 getpid( <unfinished ...>
29303 poll([{fd=8, events=POLLIN}], 1, -1 <unfinished ...>
29305 <... getpid resumed>)             = 29303
29305 poll([{fd=6, events=POLLIN}], 1, 0) = 1 ([{fd=6, revents=POLLIN}])
29305 getpid()                          = 29303
29305 read(6, "\1\0\0\0\0\0\0\0", 8)    = 8
29305 epoll_ctl(7, EPOLL_CTL_MOD, 10, {events=EPOLLIN|EPOLLOUT, data={u32=2281704384, u64=140396172676032}}) = 0
29305 getpid()                          = 29303
29305 write(8, "\1\0\0\0\0\0\0\0", 8)   = 8
29303 <... poll resumed>)               = 1 ([{fd=8, revents=POLLIN}])
29305 sendto(10, "\1\0\0\6Ok: 1\0", 10, 0, NULL, 0 <unfinished ...>
29303 getpid( <unfinished ...>
29305 <... sendto resumed>)             = 10
29303 <... getpid resumed>)             = 29303
29467 <... epoll_wait resumed>[{events=EPOLLIN, data={u32=872419760, u64=140261619405232}}], 256, -1) = 1
29305 getpid( <unfinished ...>
29467 recvfrom(9,  <unfinished ...>
29303 read(8,  <unfinished ...>
29467 <... recvfrom resumed>"\1\0\0\6Ok: 1\0", 8192, 0, NULL, NULL) = 10
29305 <... getpid resumed>)             = 29303
29467 getpid( <unfinished ...>
29303 <... read resumed>"\1\0\0\0\0\0\0\0", 8) = 8
29467 <... getpid resumed>)             = 29185
29305 poll([{fd=6, events=POLLIN}], 1, 0 <unfinished ...>
29467 write(8, "\1\0\0\0\0\0\0\0", 8 <unfinished ...>
29303 getpid( <unfinished ...>
29305 <... poll resumed>)               = 0 (Timeout)
29185 <... poll resumed>)               = 1 ([{fd=8, revents=POLLIN}])
29467 <... write resumed>)              = 8
29303 <... getpid resumed>)             = 29303
29185 getpid( <unfinished ...>
29467 epoll_wait(7,  <unfinished ...>
29305 epoll_wait(7,  <unfinished ...>
29185 <... getpid resumed>)             = 29185
29303 poll([{fd=8, events=POLLIN}], 1, 0 <unfinished ...>
29185 read(8,  <unfinished ...>
29305 <... epoll_wait resumed>[{events=EPOLLOUT, data={u32=2281704384, u64=140396172676032}}], 256, -1) = 1
29185 <... read resumed>"\1\0\0\0\0\0\0\0", 8) = 8
29303 <... poll resumed>)               = 0 (Timeout)
29185 getpid( <unfinished ...>
29305 epoll_ctl(7, EPOLL_CTL_MOD, 10, {events=EPOLLIN, data={u32=2281704384, u64=140396172676032}} <unfinished ...>
29185 <... getpid resumed>)             = 29185
29303 getpid( <unfinished ...>
29185 poll([{fd=8, events=POLLIN}], 1, 0 <unfinished ...>
29305 <... epoll_ctl resumed>)          = 0
29185 <... poll resumed>)               = 0 (Timeout)
29303 <... getpid resumed>)             = 29303
29185 getpid( <unfinished ...>
29305 epoll_wait(7,  <unfinished ...>
29185 <... getpid resumed>)             = 29185
29303 poll([{fd=8, events=POLLIN}], 1, -1 <unfinished ...>
29185 write(6, "\1\0\0\0\0\0\0\0", 8)   = 8
29467 <... epoll_wait resumed>[{events=EPOLLIN, data={u32=2025734752, u64=93838471217760}}], 256, -1) = 1
29185 getpid()                          = 29185
29467 getpid( <unfinished ...>
29185 write(4, "\1\0\0\0\0\0\0\0", 8 <unfinished ...>
29467 <... getpid resumed>)             = 29185
29185 <... write resumed>)              = 8
29467 poll([{fd=6, events=POLLIN}], 1, 0 <unfinished ...>
29466 <... epoll_wait resumed>[{events=EPOLLIN, data={u32=2025755936, u64=93838471238944}}], 256, -1) = 1
29185 write(1, "Ok: 1\n", 6 <unfinished ...>
29467 <... poll resumed>)               = 1 ([{fd=6, revents=POLLIN}])
29466 getpid( <unfinished ...>
29467 getpid( <unfinished ...>
29185 <... write resumed>)              = 6
29466 <... getpid resumed>)             = 29185
29185 write(1, "> ", 2 <unfinished ...>
29467 <... getpid resumed>)             = 29185
29466 getpid( <unfinished ...>
29185 <... write resumed>)              = 2
29467 read(6,  <unfinished ...>
29185 read(0,  <unfinished ...>
29466 <... getpid resumed>)             = 29185
29467 <... read resumed>"\1\0\0\0\0\0\0\0", 8) = 8
29466 poll([{fd=4, events=POLLIN}], 1, 0 <unfinished ...>
29467 getpid( <unfinished ...>
29466 <... poll resumed>)               = 1 ([{fd=4, revents=POLLIN}])
29467 <... getpid resumed>)             = 29185
29466 getpid( <unfinished ...>
29467 poll([{fd=6, events=POLLIN}], 1, 0 <unfinished ...>
29466 <... getpid resumed>)             = 29185
29467 <... poll resumed>)               = 0 (Timeout)
29466 read(4,  <unfinished ...>
29467 epoll_wait(7,  <unfinished ...>
29466 <... read resumed>"\1\0\0\0\0\0\0\0", 8) = 8
29466 mmap(NULL, 134217728, PROT_NONE, MAP_PRIVATE|MAP_ANONYMOUS|MAP_NORESERVE, -1, 0) = 0x7f912c000000
29466 munmap(0x7f9130000000, 67108864)  = 0
29466 mprotect(0x7f912c000000, 135168, PROT_READ|PROT_WRITE) = 0
29466 epoll_ctl(5, EPOLL_CTL_ADD, 8, {events=0, data={u32=738200432, u64=140261485185904}}) = 0
29466 epoll_ctl(5, EPOLL_CTL_MOD, 8, {events=EPOLLIN, data={u32=738200432, u64=140261485185904}}) = 0
29466 getpid()                          = 29185
29466 write(6, "\1\0\0\0\0\0\0\0", 8)   = 8
29467 <... epoll_wait resumed>[{events=EPOLLIN, data={u32=2025734752, u64=93838471217760}}], 256, -1) = 1
29466 getpid( <unfinished ...>
29467 getpid( <unfinished ...>
29466 <... getpid resumed>)             = 29185
29467 <... getpid resumed>)             = 29185
29466 getpid( <unfinished ...>
29467 poll([{fd=6, events=POLLIN}], 1, 0 <unfinished ...>
29466 <... getpid resumed>)             = 29185
29467 <... poll resumed>)               = 1 ([{fd=6, revents=POLLIN}])
29466 poll([{fd=4, events=POLLIN}], 1, 0 <unfinished ...>
29467 getpid()                          = 29185
29466 <... poll resumed>)               = 0 (Timeout)
29467 read(6,  <unfinished ...>
29466 epoll_wait(5,  <unfinished ...>
29467 <... read resumed>"\1\0\0\0\0\0\0\0", 8) = 8
29467 epoll_ctl(7, EPOLL_CTL_MOD, 9, {events=EPOLLIN|EPOLLOUT, data={u32=872419760, u64=140261619405232}}) = 0
29467 getpid()                          = 29185
29467 write(8, "\1\0\0\0\0\0\0\0", 8)   = 8
29466 <... epoll_wait resumed>[{events=EPOLLIN, data={u32=738200432, u64=140261485185904}}], 256, -1) = 1
29467 epoll_ctl(7, EPOLL_CTL_MOD, 9, {events=EPOLLIN, data={u32=872419760, u64=140261619405232}}) = 0
29466 getpid( <unfinished ...>
29467 getpid( <unfinished ...>
29466 <... getpid resumed>)             = 29185
29467 <... getpid resumed>)             = 29185
29466 poll([{fd=8, events=POLLIN}], 1, 0 <unfinished ...>
29467 poll([{fd=6, events=POLLIN}], 1, 0 <unfinished ...>
29466 <... poll resumed>)               = 1 ([{fd=8, revents=POLLIN}])
29467 <... poll resumed>)               = 0 (Timeout)
29467 epoll_wait(7,  <unfinished ...>
29466 getpid()                          = 29185
29466 read(8, "\1\0\0\0\0\0\0\0", 8)    = 8
29466 getpid()                          = 29185
29466 write(6, "\1\0\0\0\0\0\0\0", 8 <unfinished ...>
29467 <... epoll_wait resumed>[{events=EPOLLIN, data={u32=2025734752, u64=93838471217760}}], 256, 1000) = 1
29466 <... write resumed>)              = 8
29467 getpid( <unfinished ...>
29466 getpid( <unfinished ...>
29467 <... getpid resumed>)             = 29185
29466 <... getpid resumed>)             = 29185
29467 poll([{fd=6, events=POLLIN}], 1, 0 <unfinished ...>
29466 poll([{fd=8, events=POLLIN}], 1, 0 <unfinished ...>
29467 <... poll resumed>)               = 1 ([{fd=6, revents=POLLIN}])
29466 <... poll resumed>)               = 0 (Timeout)
29467 getpid( <unfinished ...>
29466 epoll_wait(5,  <unfinished ...>
29467 <... getpid resumed>)             = 29185
29467 read(6, "\1\0\0\0\0\0\0\0", 8)    = 8
29467 getpid()                          = 29185
29467 write(8, "\1\0\0\0\0\0\0\0", 8)   = 8
29466 <... epoll_wait resumed>[{events=EPOLLIN, data={u32=738200432, u64=140261485185904}}], 256, -1) = 1
29467 epoll_ctl(7, EPOLL_CTL_DEL, 9, 0x7f91340011b4 <unfinished ...>
29466 getpid( <unfinished ...>
29467 <... epoll_ctl resumed>)          = 0
29466 <... getpid resumed>)             = 29185
29467 close(9 <unfinished ...>
29466 poll([{fd=8, events=POLLIN}], 1, 0 <unfinished ...>
29467 <... close resumed>)              = 0
29466 <... poll resumed>)               = 1 ([{fd=8, revents=POLLIN}])
29305 <... epoll_wait resumed>[{events=EPOLLIN|EPOLLHUP, data={u32=2281704384, u64=140396172676032}}], 256, -1) = 1
29467 getpid( <unfinished ...>
29466 getpid( <unfinished ...>
29467 <... getpid resumed>)             = 29185
29305 recvfrom(10,  <unfinished ...>
29467 poll([{fd=6, events=POLLIN}], 1, 0 <unfinished ...>
29466 <... getpid resumed>)             = 29185
29467 <... poll resumed>)               = 0 (Timeout)
29305 <... recvfrom resumed>"", 8192, 0, NULL, NULL) = 0
29467 epoll_wait(7,  <unfinished ...>
29466 read(8,  <unfinished ...>
29305 getpid( <unfinished ...>
29466 <... read resumed>"\1\0\0\0\0\0\0\0", 8) = 8
29305 <... getpid resumed>)             = 29303
29466 getpid( <unfinished ...>
29305 write(6, "\1\0\0\0\0\0\0\0", 8 <unfinished ...>
29466 <... getpid resumed>)             = 29185
29305 <... write resumed>)              = 8
29466 poll([{fd=8, events=POLLIN}], 1, 0 <unfinished ...>
29305 epoll_ctl(7, EPOLL_CTL_DEL, 10, 0x7fb088000bc4 <unfinished ...>
29466 <... poll resumed>)               = 0 (Timeout)
29305 <... epoll_ctl resumed>)          = 0
29466 epoll_ctl(5, EPOLL_CTL_DEL, 8, 0x7f912c000b74 <unfinished ...>
29305 close(10 <unfinished ...>
29466 <... epoll_ctl resumed>)          = 0
29305 <... close resumed>)              = 0
29466 getpid( <unfinished ...>
29305 epoll_wait(7,  <unfinished ...>
29466 <... getpid resumed>)             = 29185
29305 <... epoll_wait resumed>[{events=EPOLLIN, data={u32=482779744, u64=94399568978528}}], 256, -1) = 1
29466 write(4, "\1\0\0\0\0\0\0\0", 8 <unfinished ...>
29305 getpid( <unfinished ...>
29466 <... write resumed>)              = 8
29305 <... getpid resumed>)             = 29303
29466 close(8 <unfinished ...>
29305 poll([{fd=6, events=POLLIN}], 1, 0 <unfinished ...>
29466 <... close resumed>)              = 0
29305 <... poll resumed>)               = 1 ([{fd=6, revents=POLLIN}])
29466 epoll_wait(5, [{events=EPOLLIN, data={u32=2025755936, u64=93838471238944}}], 256, -1) = 1
29305 getpid( <unfinished ...>
29466 getpid( <unfinished ...>
29305 <... getpid resumed>)             = 29303
29466 <... getpid resumed>)             = 29185
29305 read(6,  <unfinished ...>
29466 getpid( <unfinished ...>
29305 <... read resumed>"\1\0\0\0\0\0\0\0", 8) = 8
29466 <... getpid resumed>)             = 29185
29305 getpid( <unfinished ...>
29466 poll([{fd=4, events=POLLIN}], 1, 0 <unfinished ...>
29305 <... getpid resumed>)             = 29303
29466 <... poll resumed>)               = 1 ([{fd=4, revents=POLLIN}])
29305 write(8, "\1\0\0\0\0\0\0\0", 8 <unfinished ...>
29466 getpid( <unfinished ...>
29305 <... write resumed>)              = 8
29466 <... getpid resumed>)             = 29185
29303 <... poll resumed>)               = 1 ([{fd=8, revents=POLLIN}])
29466 read(4,  <unfinished ...>
29305 getpid( <unfinished ...>
29466 <... read resumed>"\1\0\0\0\0\0\0\0", 8) = 8
29303 getpid( <unfinished ...>
29466 getpid( <unfinished ...>
29305 <... getpid resumed>)             = 29303
29466 <... getpid resumed>)             = 29185
29303 <... getpid resumed>)             = 29303
29466 getpid( <unfinished ...>
29305 poll([{fd=6, events=POLLIN}], 1, 0 <unfinished ...>
29466 <... getpid resumed>)             = 29185
29303 read(8,  <unfinished ...>
29466 poll([{fd=4, events=POLLIN}], 1, 0 <unfinished ...>
29305 <... poll resumed>)               = 0 (Timeout)
29466 <... poll resumed>)               = 0 (Timeout)
29303 <... read resumed>"\1\0\0\0\0\0\0\0", 8) = 8
29466 epoll_wait(5,  <unfinished ...>
29305 epoll_wait(7,  <unfinished ...>
29303 getpid()                          = 29303
29303 poll([{fd=8, events=POLLIN}], 1, 0) = 0 (Timeout)
29303 getpid()                          = 29303
29303 write(6, "\1\0\0\0\0\0\0\0", 8 <unfinished ...>
29305 <... epoll_wait resumed>[{events=EPOLLIN, data={u32=482779744, u64=94399568978528}}], 256, -1) = 1
29303 <... write resumed>)              = 8
29305 getpid()                          = 29303
29303 getpid( <unfinished ...>
29305 poll([{fd=6, events=POLLIN}], 1, 0 <unfinished ...>
29303 <... getpid resumed>)             = 29303
29305 <... poll resumed>)               = 1 ([{fd=6, revents=POLLIN}])
29303 poll([{fd=8, events=POLLIN}], 1, -1 <unfinished ...>
29305 getpid()                          = 29303
29305 read(6, "\1\0\0\0\0\0\0\0", 8)    = 8
29305 getpid()                          = 29303
29305 write(8, "\1\0\0\0\0\0\0\0", 8)   = 8
29303 <... poll resumed>)               = 1 ([{fd=8, revents=POLLIN}])
29305 getpid( <unfinished ...>
29303 getpid( <unfinished ...>
29305 <... getpid resumed>)             = 29303
29303 <... getpid resumed>)             = 29303
29305 poll([{fd=6, events=POLLIN}], 1, 0 <unfinished ...>
29303 read(8,  <unfinished ...>
29305 <... poll resumed>)               = 0 (Timeout)
29303 <... read resumed>"\1\0\0\0\0\0\0\0", 8) = 8
29305 epoll_wait(7,  <unfinished ...>
29303 getpid()                          = 29303
29303 poll([{fd=8, events=POLLIN}], 1, 0) = 0 (Timeout)
29303 getpid()                          = 29303
29303 poll([{fd=8, events=POLLIN}], 1, -1 <unfinished ...>
29185 <... read resumed>"exec 10\n", 1024) = 8
29185 write(1, "> ", 2)                 = 2
29185 read(0, "abababa\n", 1024)        = 8
29185 write(1, "> ", 2)                 = 2
29185 read(0, "a\n", 1024)              = 2
29185 eventfd2(0, EFD_CLOEXEC)          = 8
29185 fcntl(8, F_GETFL)                 = 0x2 (flags O_RDWR)
29185 fcntl(8, F_SETFL, O_RDWR|O_NONBLOCK) = 0
29185 fcntl(8, F_GETFL)                 = 0x802 (flags O_RDWR|O_NONBLOCK)
29185 fcntl(8, F_SETFL, O_RDWR|O_NONBLOCK) = 0
29185 getpid()                          = 29185
29185 getpid()                          = 29185
29185 poll([{fd=8, events=POLLIN}], 1, 0) = 0 (Timeout)
29185 getpid()                          = 29185
29185 write(6, "\1\0\0\0\0\0\0\0", 8)   = 8
29467 <... epoll_wait resumed>[{events=EPOLLIN, data={u32=2025734752, u64=93838471217760}}], 256, -1) = 1
29185 getpid( <unfinished ...>
29467 getpid( <unfinished ...>
29185 <... getpid resumed>)             = 29185
29185 write(8, "\1\0\0\0\0\0\0\0", 8 <unfinished ...>
29467 <... getpid resumed>)             = 29185
29185 <... write resumed>)              = 8
29185 getpid( <unfinished ...>
29467 poll([{fd=6, events=POLLIN}], 1, 0 <unfinished ...>
29185 <... getpid resumed>)             = 29185
29185 poll([{fd=8, events=POLLIN}], 1, 0 <unfinished ...>
29467 <... poll resumed>)               = 1 ([{fd=6, revents=POLLIN}])
29185 <... poll resumed>)               = 1 ([{fd=8, revents=POLLIN}])
29185 getpid( <unfinished ...>
29467 getpid( <unfinished ...>
29185 <... getpid resumed>)             = 29185
29185 read(8,  <unfinished ...>
29467 <... getpid resumed>)             = 29185
29185 <... read resumed>"\1\0\0\0\0\0\0\0", 8) = 8
29467 read(6,  <unfinished ...>
29185 getpid( <unfinished ...>
29467 <... read resumed>"\1\0\0\0\0\0\0\0", 8) = 8
29185 <... getpid resumed>)             = 29185
29185 poll([{fd=8, events=POLLIN}], 1, 0 <unfinished ...>
29467 socket(AF_UNIX, SOCK_STREAM|SOCK_CLOEXEC, 0 <unfinished ...>
29185 <... poll resumed>)               = 0 (Timeout)
29467 <... socket resumed>)             = 9
29185 getpid( <unfinished ...>
29467 fcntl(9, F_GETFL <unfinished ...>
29185 <... getpid resumed>)             = 29185
29467 <... fcntl resumed>)              = 0x2 (flags O_RDWR)
29185 poll([{fd=8, events=POLLIN}], 1, 1000 <unfinished ...>
29467 fcntl(9, F_SETFL, O_RDWR|O_NONBLOCK) = 0
29467 connect(9, {sa_family=AF_UNIX, sun_path="/tmp/node_10"}, 14) = 0
29305 <... epoll_wait resumed>[{events=EPOLLIN, data={u32=2281704304, u64=140396172675952}}], 256, -1) = 1
29467 epoll_ctl(7, EPOLL_CTL_ADD, 9, {events=0, data={u32=872422432, u64=140261619407904}} <unfinished ...>
29305 accept4(9, NULL, NULL, SOCK_CLOEXEC <unfinished ...>
29467 <... epoll_ctl resumed>)          = 0
29305 <... accept4 resumed>)            = 10
29467 getsockopt(9, SOL_SOCKET, SO_ERROR,  <unfinished ...>
29305 getpeername(10,  <unfinished ...>
29467 <... getsockopt resumed>[0], [4]) = 0
29305 <... getpeername resumed>{sa_family=AF_UNIX}, [128 => 2]) = 0
29467 epoll_ctl(7, EPOLL_CTL_DEL, 9, 0x7f9134001c24 <unfinished ...>
29305 getsockname(10,  <unfinished ...>
29467 <... epoll_ctl resumed>)          = 0
29305 <... getsockname resumed>{sa_family=AF_UNIX, sun_path="/tmp/node_10"}, [128 => 15]) = 0
29467 getsockname(9,  <unfinished ...>
29305 getpeername(10,  <unfinished ...>
29467 <... getsockname resumed>{sa_family=AF_UNIX}, [128 => 2]) = 0
29305 <... getpeername resumed>{sa_family=AF_UNIX}, [128 => 2]) = 0
29467 getpeername(9,  <unfinished ...>
29305 getsockopt(10, SOL_SOCKET, SO_PEERCRED,  <unfinished ...>
29467 <... getpeername resumed>{sa_family=AF_UNIX, sun_path="/tmp/node_10"}, [128 => 15]) = 0
29305 <... getsockopt resumed>{pid=29185, uid=1000, gid=1000}, [12]) = 0
29467 getsockopt(9, SOL_SOCKET, SO_PEERCRED,  <unfinished ...>
29305 fcntl(10, F_GETFL <unfinished ...>
29467 <... getsockopt resumed>{pid=29303, uid=1000, gid=1000}, [12]) = 0
29305 <... fcntl resumed>)              = 0x2 (flags O_RDWR)
29467 fcntl(9, F_GETFL <unfinished ...>
29305 fcntl(10, F_SETFL, O_RDWR|O_NONBLOCK <unfinished ...>
29467 <... fcntl resumed>)              = 0x802 (flags O_RDWR|O_NONBLOCK)
29305 <... fcntl resumed>)              = 0
29467 fcntl(9, F_SETFL, O_RDWR|O_NONBLOCK <unfinished ...>
29305 getpid( <unfinished ...>
29467 <... fcntl resumed>)              = 0
29305 <... getpid resumed>)             = 29303
29467 epoll_ctl(7, EPOLL_CTL_ADD, 9, {events=0, data={u32=872419760, u64=140261619405232}} <unfinished ...>
29305 write(6, "\1\0\0\0\0\0\0\0", 8 <unfinished ...>
29467 <... epoll_ctl resumed>)          = 0
29305 <... write resumed>)              = 8
29467 epoll_ctl(7, EPOLL_CTL_MOD, 9, {events=EPOLLIN, data={u32=872419760, u64=140261619405232}} <unfinished ...>
29305 epoll_wait(7,  <unfinished ...>
29467 <... epoll_ctl resumed>)          = 0
29305 <... epoll_wait resumed>[{events=EPOLLIN, data={u32=482779744, u64=94399568978528}}], 256, -1) = 1
29467 epoll_ctl(7, EPOLL_CTL_MOD, 9, {events=EPOLLIN|EPOLLOUT, data={u32=872419760, u64=140261619405232}} <unfinished ...>
29305 getpid( <unfinished ...>
29467 <... epoll_ctl resumed>)          = 0
29305 <... getpid resumed>)             = 29303
29467 recvfrom(9,  <unfinished ...>
29305 poll([{fd=6, events=POLLIN}], 1, 0 <unfinished ...>
29467 <... recvfrom resumed>0x7f91340027c8, 12, 0, NULL, NULL) = -1 EAGAIN (Resource temporarily unavailable)
29305 <... poll resumed>)               = 1 ([{fd=6, revents=POLLIN}])
29467 getpid( <unfinished ...>
29305 getpid( <unfinished ...>
29467 <... getpid resumed>)             = 29185
29305 <... getpid resumed>)             = 29303
29467 poll([{fd=6, events=POLLIN}], 1, 0 <unfinished ...>
29305 read(6,  <unfinished ...>
29467 <... poll resumed>)               = 0 (Timeout)
29305 <... read resumed>"\1\0\0\0\0\0\0\0", 8) = 8
29467 epoll_wait(7,  <unfinished ...>
29305 epoll_ctl(7, EPOLL_CTL_ADD, 10, {events=0, data={u32=2281771008, u64=140396172742656}} <unfinished ...>
29467 <... epoll_wait resumed>[{events=EPOLLOUT, data={u32=872419760, u64=140261619405232}}], 256, 29999) = 1
29305 <... epoll_ctl resumed>)          = 0
29467 sendto(9, "\377\0\0\0\0\0\0\0\1\177", 10, 0, NULL, 0 <unfinished ...>
