29305 epoll_ctl(7, EPOLL_CTL_MOD, 10, {events=EPOLLIN, data={u32=2281771008, u64=140396172742656}} <unfinished ...>
29467 <... sendto resumed>)             = 10
29305 <... epoll_ctl resumed>)          = 0
29467 epoll_ctl(7, EPOLL_CTL_MOD, 9, {events=EPOLLIN, data={u32=872419760, u64=140261619405232}} <unfinished ...>
29305 epoll_ctl(7, EPOLL_CTL_MOD, 10, {events=EPOLLIN|EPOLLOUT, data={u32=2281771008, u64=140396172742656}} <unfinished ...>
29467 <... epoll_ctl resumed>)          = 0
29305 <... epoll_ctl resumed>)          = 0
29467 epoll_wait(7,  <unfinished ...>
29305 recvfrom(10, "\377\0\0\0\0\0\0\0\1\177", 12, 0, NULL, NULL) = 10
29305 recvfrom(10, 0x7fb0880012d2, 2, 0, NULL, NULL) = -1 EAGAIN (Resource temporarily unavailable)
29305 getpid()                          = 29303
29305 poll([{fd=6, events=POLLIN}], 1, 0) = 0 (Timeout)
29305 epoll_wait(7, [{events=EPOLLOUT, data={u32=2281771008, u64=140396172742656}}], 256, 29999) = 1
29305 sendto(10, "\377\0\0\0\0\0\0\0\1\177\3", 11, 0, NULL, 0 <unfinished ...>
29467 <... epoll_wait resumed>[{events=EPOLLIN, data={u32=872419760, u64=140261619405232}}], 256, 29999) = 1
29305 <... sendto resumed>)             = 11
29467 recvfrom(9, "\377\0\0\0\0\0\0\0\1\177\3", 12, 0, NULL, NULL) = 11
29305 epoll_ctl(7, EPOLL_CTL_MOD, 10, {events=EPOLLIN, data={u32=2281771008, u64=140396172742656}} <unfinished ...>
29467 epoll_ctl(7, EPOLL_CTL_MOD, 9, {events=EPOLLIN|EPOLLOUT, data={u32=872419760, u64=140261619405232}} <unfinished ...>
29305 <... epoll_ctl resumed>)          = 0
29467 <... epoll_ctl resumed>)          = 0
29305 epoll_wait(7,  <unfinished ...>
29467 recvfrom(9, 0x7f91340027d3, 53, 0, NULL, NULL) = -1 EAGAIN (Resource temporarily unavailable)
29467 epoll_wait(7, [{events=EPOLLOUT, data={u32=872419760, u64=140261619405232}}], 256, 29996) = 1
29467 sendto(9, "\3\1NULL\0\0\0\0\0\0\0\0\0\0\0\0\0\0\0\0\0\0\0\0\0\0\0\0\0\0"..., 54, 0, NULL, 0) = 54
29305 <... epoll_wait resumed>[{events=EPOLLIN, data={u32=2281771008, u64=140396172742656}}], 256, 29998) = 1
29467 epoll_ctl(7, EPOLL_CTL_MOD, 9, {events=EPOLLIN, data={u32=872419760, u64=140261619405232}} <unfinished ...>
29305 recvfrom(10,  <unfinished ...>
29467 <... epoll_ctl resumed>)          = 0
29305 <... recvfrom resumed>"\3\1", 2, 0, NULL, NULL) = 2
29467 epoll_wait(7,  <unfinished ...>
29305 epoll_ctl(7, EPOLL_CTL_MOD, 10, {events=EPOLLIN|EPOLLOUT, data={u32=2281771008, u64=140396172742656}}) = 0
29305 recvfrom(10, "NULL\0\0\0\0\0\0\0\0\0\0\0\0\0\0\0\0\0\0\0\0\0\0\0\0\0\0\0\0"..., 52, 0, NULL, NULL) = 52
29305 recvfrom(10, 0x7fb088003d48, 8192, 0, NULL, NULL) = -1 EAGAIN (Resource temporarily unavailable)
29305 epoll_wait(7, [{events=EPOLLOUT, data={u32=2281771008, u64=140396172742656}}], 256, 29995) = 1
29305 sendto(10, "\1NULL\0\0\0\0\0\0\0\0\0\0\0\0\0\0\0\0\0\0\0\0\0\0\0\0\0\0\0"..., 53, 0, NULL, 0 <unfinished ...>
29467 <... epoll_wait resumed>[{events=EPOLLIN, data={u32=872419760, u64=140261619405232}}], 256, 29995) = 1
29305 <... sendto resumed>)             = 53
29467 recvfrom(9,  <unfinished ...>
29305 epoll_wait(7,  <unfinished ...>
29467 <... recvfrom resumed>"\1NULL\0\0\0\0\0\0\0\0\0\0\0\0\0\0\0\0\0\0\0\0\0\0\0\0\0\0\0"..., 53, 0, NULL, NULL) = 53
29305 <... epoll_wait resumed>[{events=EPOLLOUT, data={u32=2281771008, u64=140396172742656}}], 256, 29994) = 1
29467 epoll_ctl(7, EPOLL_CTL_MOD, 9, {events=EPOLLIN|EPOLLOUT, data={u32=872419760, u64=140261619405232}} <unfinished ...>
29305 sendto(10, "\4\31\5READY\vSocket-Type\0\0\0\3REP", 27, 0, NULL, 0 <unfinished ...>
29467 <... epoll_ctl resumed>)          = 0
29305 <... sendto resumed>)             = 27
29467 recvfrom(9,  <unfinished ...>
29305 epoll_wait(7,  <unfinished ...>
29467 <... recvfrom resumed>"\4\31\5READY\vSocket-Type\0\0\0\3REP", 8192, 0, NULL, NULL) = 27
29305 <... epoll_wait resumed>[{events=EPOLLOUT, data={u32=2281771008, u64=140396172742656}}], 256, 29994) = 1
29467 epoll_wait(7,  <unfinished ...>
29305 epoll_ctl(7, EPOLL_CTL_MOD, 10, {events=EPOLLIN, data={u32=2281771008, u64=140396172742656}} <unfinished ...>
29467 <... epoll_wait resumed>[{events=EPOLLOUT, data={u32=872419760, u64=140261619405232}}], 256, 29993) = 1
29305 <... epoll_ctl resumed>)          = 0
29467 getpid( <unfinished ...>
29305 epoll_wait(7,  <unfinished ...>
29467 <... getpid resumed>)             = 29185
29467 write(8, "\1\0\0\0\0\0\0\0", 8 <unfinished ...>
29185 <... poll resumed>)               = 1 ([{fd=8, revents=POLLIN}])
29467 <... write resumed>)              = 8
29185 getpid( <unfinished ...>
29467 sendto(9, "\4&\5READY\vSocket-Type\0\0\0\3REQ\10Iden"..., 58, 0, NULL, 0 <unfinished ...>
29185 <... getpid resumed>)             = 29185
29185 read(8,  <unfinished ...>
29467 <... sendto resumed>)             = 58
29305 <... epoll_wait resumed>[{events=EPOLLIN, data={u32=2281771008, u64=140396172742656}}], 256, 29994) = 1
29185 <... read resumed>"\1\0\0\0\0\0\0\0", 8) = 8
29467 epoll_wait(7,  <unfinished ...>
29185 getpid( <unfinished ...>
29305 recvfrom(10,  <unfinished ...>
29185 <... getpid resumed>)             = 29185
29467 <... epoll_wait resumed>[{events=EPOLLOUT, data={u32=872419760, u64=140261619405232}}], 256, -1) = 1
29185 poll([{fd=8, events=POLLIN}], 1, 0 <unfinished ...>
29305 <... recvfrom resumed>"\4&\5READY\vSocket-Type\0\0\0\3REQ\10Iden"..., 8192, 0, NULL, NULL) = 58
29185 <... poll resumed>)               = 0 (Timeout)
29467 epoll_ctl(7, EPOLL_CTL_MOD, 9, {events=EPOLLIN, data={u32=872419760, u64=140261619405232}} <unfinished ...>
29185 getpid( <unfinished ...>
29467 <... epoll_ctl resumed>)          = 0
29305 getpid( <unfinished ...>
29185 <... getpid resumed>)             = 29185
29467 epoll_wait(7,  <unfinished ...>
29185 poll([{fd=8, events=POLLIN}], 1, 988 <unfinished ...>
29305 <... getpid resumed>)             = 29303
29305 write(8, "\1\0\0\0\0\0\0\0", 8)   = 8
29303 <... poll resumed>)               = 1 ([{fd=8, revents=POLLIN}])
29305 epoll_ctl(7, EPOLL_CTL_MOD, 10, {events=EPOLLIN|EPOLLOUT, data={u32=2281771008, u64=140396172742656}} <unfinished ...>
29303 getpid( <unfinished ...>
29305 <... epoll_ctl resumed>)          = 0
29303 <... getpid resumed>)             = 29303
29305 epoll_ctl(7, EPOLL_CTL_MOD, 10, {events=EPOLLIN, data={u32=2281771008, u64=140396172742656}} <unfinished ...>
29303 read(8,  <unfinished ...>
29305 <... epoll_ctl resumed>)          = 0
29303 <... read resumed>"\1\0\0\0\0\0\0\0", 8) = 8
29305 epoll_wait(7,  <unfinished ...>
29303 getpid()                          = 29303
29303 write(6, "\1\0\0\0\0\0\0\0", 8 <unfinished ...>
29305 <... epoll_wait resumed>[{events=EPOLLIN, data={u32=482779744, u64=94399568978528}}], 256, -1) = 1
29303 <... write resumed>)              = 8
29305 getpid( <unfinished ...>
29303 getpid( <unfinished ...>
29305 <... getpid resumed>)             = 29303
29303 <... getpid resumed>)             = 29303
29305 poll([{fd=6, events=POLLIN}], 1, 0 <unfinished ...>
29303 poll([{fd=8, events=POLLIN}], 1, 0 <unfinished ...>
29305 <... poll resumed>)               = 1 ([{fd=6, revents=POLLIN}])
29303 <... poll resumed>)               = 0 (Timeout)
29305 getpid( <unfinished ...>
29303 getpid( <unfinished ...>
29305 <... getpid resumed>)             = 29303
29303 <... getpid resumed>)             = 29303
29305 read(6,  <unfinished ...>
29303 poll([{fd=8, events=POLLIN}], 1, 0 <unfinished ...>
29305 <... read resumed>"\1\0\0\0\0\0\0\0", 8) = 8
29303 <... poll resumed>)               = 0 (Timeout)
29305 getpid( <unfinished ...>
29303 getpid( <unfinished ...>
29305 <... getpid resumed>)             = 29303
29303 <... getpid resumed>)             = 29303
29305 poll([{fd=6, events=POLLIN}], 1, 0 <unfinished ...>
29303 write(6, "\1\0\0\0\0\0\0\0", 8 <unfinished ...>
29305 <... poll resumed>)               = 0 (Timeout)
29303 <... write resumed>)              = 8
29305 epoll_wait(7,  <unfinished ...>
29303 getpid( <unfinished ...>
29305 <... epoll_wait resumed>[{events=EPOLLIN, data={u32=482779744, u64=94399568978528}}], 256, -1) = 1
29303 <... getpid resumed>)             = 29303
29305 getpid( <unfinished ...>
29303 poll([{fd=8, events=POLLIN}], 1, -1 <unfinished ...>
29305 <... getpid resumed>)             = 29303
29305 poll([{fd=6, events=POLLIN}], 1, 0) = 1 ([{fd=6, revents=POLLIN}])
29305 getpid()                          = 29303
29305 read(6, "\1\0\0\0\0\0\0\0", 8)    = 8
29305 epoll_ctl(7, EPOLL_CTL_MOD, 10, {events=EPOLLIN|EPOLLOUT, data={u32=2281771008, u64=140396172742656}}) = 0
29305 getpid()                          = 29303
29305 write(8, "\1\0\0\0\0\0\0\0", 8)   = 8
29303 <... poll resumed>)               = 1 ([{fd=8, revents=POLLIN}])
29305 sendto(10, "\1\0\0\nOk:0;2;4;6", 14, 0, NULL, 0 <unfinished ...>
29303 getpid( <unfinished ...>
29467 <... epoll_wait resumed>[{events=EPOLLIN, data={u32=872419760, u64=140261619405232}}], 256, -1) = 1
29305 <... sendto resumed>)             = 14
29303 <... getpid resumed>)             = 29303
29467 recvfrom(9,  <unfinished ...>
29305 getpid( <unfinished ...>
29467 <... recvfrom resumed>"\1\0\0\nOk:0;2;4;6", 8192, 0, NULL, NULL) = 14
29303 read(8,  <unfinished ...>
29305 <... getpid resumed>)             = 29303
29467 getpid( <unfinished ...>
29305 poll([{fd=6, events=POLLIN}], 1, 0 <unfinished ...>
29303 <... read resumed>"\1\0\0\0\0\0\0\0", 8) = 8
29467 <... getpid resumed>)             = 29185
29305 <... poll resumed>)               = 0 (Timeout)
29467 write(8, "\1\0\0\0\0\0\0\0", 8 <unfinished ...>
29303 getpid( <unfinished ...>
29305 epoll_wait(7,  <unfinished ...>
29467 <... write resumed>)              = 8
29303 <... getpid resumed>)             = 29303
29185 <... poll resumed>)               = 1 ([{fd=8, revents=POLLIN}])
29467 epoll_wait(7,  <unfinished ...>
29305 <... epoll_wait resumed>[{events=EPOLLOUT, data={u32=2281771008, u64=140396172742656}}], 256, -1) = 1
29185 getpid( <unfinished ...>
29303 poll([{fd=8, events=POLLIN}], 1, 0 <unfinished ...>
29185 <... getpid resumed>)             = 29185
29305 epoll_ctl(7, EPOLL_CTL_MOD, 10, {events=EPOLLIN, data={u32=2281771008, u64=140396172742656}} <unfinished ...>
29185 read(8,  <unfinished ...>
29303 <... poll resumed>)               = 0 (Timeout)
29185 <... read resumed>"\1\0\0\0\0\0\0\0", 8) = 8
29305 <... epoll_ctl resumed>)          = 0
29303 getpid( <unfinished ...>
29185 getpid( <unfinished ...>
29305 epoll_wait(7,  <unfinished ...>
29185 <... getpid resumed>)             = 29185
29303 <... getpid resumed>)             = 29303
29185 poll([{fd=8, events=POLLIN}], 1, 0 <unfinished ...>
29303 poll([{fd=8, events=POLLIN}], 1, -1 <unfinished ...>
29185 <... poll resumed>)               = 0 (Timeout)
29185 getpid()                          = 29185
29185 write(6, "\1\0\0\0\0\0\0\0", 8)   = 8
29467 <... epoll_wait resumed>[{events=EPOLLIN, data={u32=2025734752, u64=93838471217760}}], 256, -1) = 1
29185 getpid( <unfinished ...>
29467 getpid( <unfinished ...>
29185 <... getpid resumed>)             = 29185
29467 <... getpid resumed>)             = 29185
29185 write(4, "\1\0\0\0\0\0\0\0", 8 <unfinished ...>
29467 poll([{fd=6, events=POLLIN}], 1, 0 <unfinished ...>
29185 <... write resumed>)              = 8
29467 <... poll resumed>)               = 1 ([{fd=6, revents=POLLIN}])
29466 <... epoll_wait resumed>[{events=EPOLLIN, data={u32=2025755936, u64=93838471238944}}], 256, -1) = 1
29185 write(1, "Ok:0;2;4;6\n", 11 <unfinished ...>
29467 getpid( <unfinished ...>
29466 getpid( <unfinished ...>
29467 <... getpid resumed>)             = 29185
29185 <... write resumed>)              = 11
29466 <... getpid resumed>)             = 29185
29467 read(6,  <unfinished ...>
29185 write(1, "> ", 2 <unfinished ...>
29466 getpid( <unfinished ...>
29467 <... read resumed>"\1\0\0\0\0\0\0\0", 8) = 8
29185 <... write resumed>)              = 2
29466 <... getpid resumed>)             = 29185
29185 read(0,  <unfinished ...>
29467 getpid( <unfinished ...>
29466 poll([{fd=4, events=POLLIN}], 1, 0 <unfinished ...>
29467 <... getpid resumed>)             = 29185
29466 <... poll resumed>)               = 1 ([{fd=4, revents=POLLIN}])
29467 poll([{fd=6, events=POLLIN}], 1, 0 <unfinished ...>
29466 getpid( <unfinished ...>
29467 <... poll resumed>)               = 0 (Timeout)
29466 <... getpid resumed>)             = 29185
29467 epoll_wait(7,  <unfinished ...>
29466 read(4, "\1\0\0\0\0\0\0\0", 8)    = 8
29466 epoll_ctl(5, EPOLL_CTL_ADD, 8, {events=0, data={u32=738200432, u64=140261485185904}}) = 0
29466 epoll_ctl(5, EPOLL_CTL_MOD, 8, {events=EPOLLIN, data={u32=738200432, u64=140261485185904}}) = 0
29466 getpid()                          = 29185
29466 write(6, "\1\0\0\0\0\0\0\0", 8 <unfinished ...>
29467 <... epoll_wait resumed>[{events=EPOLLIN, data={u32=2025734752, u64=93838471217760}}], 256, -1) = 1
29466 <... write resumed>)              = 8
29467 getpid( <unfinished ...>
29466 getpid( <unfinished ...>
29467 <... getpid resumed>)             = 29185
29466 <... getpid resumed>)             = 29185
29467 poll([{fd=6, events=POLLIN}], 1, 0 <unfinished ...>
29466 getpid( <unfinished ...>
29467 <... poll resumed>)               = 1 ([{fd=6, revents=POLLIN}])
29466 <... getpid resumed>)             = 29185
29467 getpid()                          = 29185
29466 poll([{fd=4, events=POLLIN}], 1, 0 <unfinished ...>
29467 read(6,  <unfinished ...>
29466 <... poll resumed>)               = 0 (Timeout)
29467 <... read resumed>"\1\0\0\0\0\0\0\0", 8) = 8
29466 epoll_wait(5,  <unfinished ...>
29467 epoll_ctl(7, EPOLL_CTL_MOD, 9, {events=EPOLLIN|EPOLLOUT, data={u32=872419760, u64=140261619405232}}) = 0
29467 getpid()                          = 29185
29467 write(8, "\1\0\0\0\0\0\0\0", 8)   = 8
29466 <... epoll_wait resumed>[{events=EPOLLIN, data={u32=738200432, u64=140261485185904}}], 256, -1) = 1
29467 epoll_ctl(7, EPOLL_CTL_MOD, 9, {events=EPOLLIN, data={u32=872419760, u64=140261619405232}} <unfinished ...>
29466 getpid( <unfinished ...>
29467 <... epoll_ctl resumed>)          = 0
29466 <... getpid resumed>)             = 29185
29467 getpid( <unfinished ...>
29466 poll([{fd=8, events=POLLIN}], 1, 0 <unfinished ...>
29467 <... getpid resumed>)             = 29185
29466 <... poll resumed>)               = 1 ([{fd=8, revents=POLLIN}])
29467 poll([{fd=6, events=POLLIN}], 1, 0 <unfinished ...>
29466 getpid( <unfinished ...>
29467 <... poll resumed>)               = 0 (Timeout)
29466 <... getpid resumed>)             = 29185
29467 epoll_wait(7,  <unfinished ...>
29466 read(8, "\1\0\0\0\0\0\0\0", 8)    = 8
29466 getpid()                          = 29185
29466 write(6, "\1\0\0\0\0\0\0\0", 8 <unfinished ...>
29467 <... epoll_wait resumed>[{events=EPOLLIN, data={u32=2025734752, u64=93838471217760}}], 256, 999) = 1
29466 <... write resumed>)              = 8
29467 getpid( <unfinished ...>
29466 getpid( <unfinished ...>
29467 <... getpid resumed>)             = 29185
29466 <... getpid resumed>)             = 29185
29467 poll([{fd=6, events=POLLIN}], 1, 0 <unfinished ...>
29466 poll([{fd=8, events=POLLIN}], 1, 0 <unfinished ...>
29467 <... poll resumed>)               = 1 ([{fd=6, revents=POLLIN}])
29466 <... poll resumed>)               = 0 (Timeout)
29467 getpid( <unfinished ...>
29466 epoll_wait(5,  <unfinished ...>
29467 <... getpid resumed>)             = 29185
29467 read(6, "\1\0\0\0\0\0\0\0", 8)    = 8
29467 getpid()                          = 29185
29467 write(8, "\1\0\0\0\0\0\0\0", 8)   = 8
29466 <... epoll_wait resumed>[{events=EPOLLIN, data={u32=738200432, u64=140261485185904}}], 256, -1) = 1
29467 epoll_ctl(7, EPOLL_CTL_DEL, 9, 0x7f91340011b4 <unfinished ...>
29466 getpid( <unfinished ...>
29467 <... epoll_ctl resumed>)          = 0
29466 <... getpid resumed>)             = 29185
29467 close(9 <unfinished ...>
29466 poll([{fd=8, events=POLLIN}], 1, 0 <unfinished ...>
29467 <... close resumed>)              = 0
29466 <... poll resumed>)               = 1 ([{fd=8, revents=POLLIN}])
29305 <... epoll_wait resumed>[{events=EPOLLIN|EPOLLHUP, data={u32=2281771008, u64=140396172742656}}], 256, -1) = 1
29467 getpid( <unfinished ...>
29466 getpid( <unfinished ...>
29467 <... getpid resumed>)             = 29185
29305 recvfrom(10,  <unfinished ...>
29467 poll([{fd=6, events=POLLIN}], 1, 0 <unfinished ...>
29466 <... getpid resumed>)             = 29185
29467 <... poll resumed>)               = 0 (Timeout)
29305 <... recvfrom resumed>"", 8192, 0, NULL, NULL) = 0
29467 epoll_wait(7,  <unfinished ...>
29466 read(8,  <unfinished ...>
29305 getpid( <unfinished ...>
29466 <... read resumed>"\1\0\0\0\0\0\0\0", 8) = 8
29305 <... getpid resumed>)             = 29303
29466 getpid( <unfinished ...>
29305 write(6, "\1\0\0\0\0\0\0\0", 8 <unfinished ...>
29466 <... getpid resumed>)             = 29185
29305 <... write resumed>)              = 8
29466 poll([{fd=8, events=POLLIN}], 1, 0 <unfinished ...>
29305 epoll_ctl(7, EPOLL_CTL_DEL, 10, 0x7fb088011004 <unfinished ...>
29466 <... poll resumed>)               = 0 (Timeout)
29305 <... epoll_ctl resumed>)          = 0
29466 epoll_ctl(5, EPOLL_CTL_DEL, 8, 0x7f912c000b74 <unfinished ...>
29305 close(10 <unfinished ...>
29466 <... epoll_ctl resumed>)          = 0
29466 getpid( <unfinished ...>
29305 <... close resumed>)              = 0
29466 <... getpid resumed>)             = 29185
29305 epoll_wait(7,  <unfinished ...>
29466 write(4, "\1\0\0\0\0\0\0\0", 8 <unfinished ...>
29305 <... epoll_wait resumed>[{events=EPOLLIN, data={u32=482779744, u64=94399568978528}}], 256, -1) = 1
29466 <... write resumed>)              = 8
29305 getpid( <unfinished ...>
29466 close(8 <unfinished ...>
29305 <... getpid resumed>)             = 29303
29466 <... close resumed>)              = 0
29305 poll([{fd=6, events=POLLIN}], 1, 0 <unfinished ...>
29466 epoll_wait(5,  <unfinished ...>
29305 <... poll resumed>)               = 1 ([{fd=6, revents=POLLIN}])
29466 <... epoll_wait resumed>[{events=EPOLLIN, data={u32=2025755936, u64=93838471238944}}], 256, -1) = 1
29305 getpid( <unfinished ...>
29466 getpid( <unfinished ...>
29305 <... getpid resumed>)             = 29303
29466 <... getpid resumed>)             = 29185
29305 read(6,  <unfinished ...>
29466 getpid( <unfinished ...>
29305 <... read resumed>"\1\0\0\0\0\0\0\0", 8) = 8
29466 <... getpid resumed>)             = 29185
29305 getpid( <unfinished ...>
29466 poll([{fd=4, events=POLLIN}], 1, 0 <unfinished ...>
29305 <... getpid resumed>)             = 29303
29466 <... poll resumed>)               = 1 ([{fd=4, revents=POLLIN}])
29305 write(8, "\1\0\0\0\0\0\0\0", 8 <unfinished ...>
29466 getpid()                          = 29185
29305 <... write resumed>)              = 8
29466 read(4,  <unfinished ...>
29303 <... poll resumed>)               = 1 ([{fd=8, revents=POLLIN}])
29466 <... read resumed>"\1\0\0\0\0\0\0\0", 8) = 8
29305 getpid( <unfinished ...>
29466 getpid( <unfinished ...>
29303 getpid( <unfinished ...>
29466 <... getpid resumed>)             = 29185
29305 <... getpid resumed>)             = 29303
29466 getpid( <unfinished ...>
29303 <... getpid resumed>)             = 29303
29466 <... getpid resumed>)             = 29185
29305 poll([{fd=6, events=POLLIN}], 1, 0 <unfinished ...>
29466 poll([{fd=4, events=POLLIN}], 1, 0 <unfinished ...>
29303 read(8,  <unfinished ...>
29305 <... poll resumed>)               = 0 (Timeout)
29466 <... poll resumed>)               = 0 (Timeout)
29303 <... read resumed>"\1\0\0\0\0\0\0\0", 8) = 8
29466 epoll_wait(5,  <unfinished ...>
29305 epoll_wait(7,  <unfinished ...>
29303 getpid()                          = 29303
29303 poll([{fd=8, events=POLLIN}], 1, 0) = 0 (Timeout)
29303 getpid()                          = 29303
29303 write(6, "\1\0\0\0\0\0\0\0", 8 <unfinished ...>
29305 <... epoll_wait resumed>[{events=EPOLLIN, data={u32=482779744, u64=94399568978528}}], 256, -1) = 1
29303 <... write resumed>)              = 8
29305 getpid( <unfinished ...>
29303 getpid( <unfinished ...>
29305 <... getpid resumed>)             = 29303
29303 <... getpid resumed>)             = 29303
29305 poll([{fd=6, events=POLLIN}], 1, 0 <unfinished ...>
29303 poll([{fd=8, events=POLLIN}], 1, -1 <unfinished ...>
29305 <... poll resumed>)               = 1 ([{fd=6, revents=POLLIN}])
29305 getpid()                          = 29303
29305 read(6, "\1\0\0\0\0\0\0\0", 8)    = 8
29305 getpid()                          = 29303
29305 write(8, "\1\0\0\0\0\0\0\0", 8)   = 8
29303 <... poll resumed>)               = 1 ([{fd=8, revents=POLLIN}])
29305 getpid()                          = 29303
29303 getpid( <unfinished ...>
29305 poll([{fd=6, events=POLLIN}], 1, 0 <unfinished ...>
29303 <... getpid resumed>)             = 29303
29305 <... poll resumed>)               = 0 (Timeout)
29303 read(8,  <unfinished ...>
29305 epoll_wait(7,  <unfinished ...>
29303 <... read resumed>"\1\0\0\0\0\0\0\0", 8) = 8
29303 getpid()                          = 29303
29303 poll([{fd=8, events=POLLIN}], 1, 0) = 0 (Timeout)
29303 getpid()                          = 29303
29303 poll([{fd=8, events=POLLIN}], 1, -1 <unfinished ...>
29185 <... read resumed>"exit\n", 1024) = 5
29185 kill(29303, SIGTERM)              = 0
29303 <... poll resumed>)               = ? ERESTART_RESTARTBLOCK (Interrupted by signal)
29185 wait4(29303,  <unfinished ...>
29303 --- SIGTERM {si_signo=SIGTERM, si_code=SI_USER, si_pid=29185, si_uid=1000} ---
29305 <... epoll_wait resumed>)         = ? <unavailable>
29304 <... epoll_wait resumed> <unfinished ...>) = ?
29304 +++ killed by SIGTERM +++
29305 +++ killed by SIGTERM +++
29303 +++ killed by SIGTERM +++
29185 <... wait4 resumed>NULL, 0, NULL) = 29303
29185 --- SIGCHLD {si_signo=SIGCHLD, si_code=CLD_KILLED, si_pid=29303, si_uid=1000, si_status=SIGTERM, si_utime=0, si_stime=3} ---
29185 wait4(-1, NULL, WNOHANG, NULL)    = 0
29185 rt_sigreturn({mask=[]})           = 29303
29185 unlink("/tmp/node_10")            = 0
29185 kill(29381, SIGTERM)              = 0
29381 <... poll resumed>)               = ? ERESTART_RESTARTBLOCK (Interrupted by signal)
29185 wait4(29381,  <unfinished ...>
29381 --- SIGTERM {si_signo=SIGTERM, si_code=SI_USER, si_pid=29185, si_uid=1000} ---
29384 <... epoll_wait resumed> <unfinished ...>) = ?
29383 <... epoll_wait resumed> <unfinished ...>) = ?
29384 +++ killed by SIGTERM +++
29383 +++ killed by SIGTERM +++
29381 +++ killed by SIGTERM +++
29185 <... wait4 resumed>NULL, 0, NULL) = 29381
29185 --- SIGCHLD {si_signo=SIGCHLD, si_code=CLD_KILLED, si_pid=29381, si_uid=1000, si_status=SIGTERM, si_utime=0, si_stime=4} ---
29185 wait4(-1, NULL, WNOHANG, NULL)    = -1 ECHILD (No child processes)
29185 rt_sigreturn({mask=[]})           = 29381
29185 unlink("/tmp/node_20")            = 0
29185 getpid()                          = 29185
29185 write(4, "\1\0\0\0\0\0\0\0", 8)   = 8
29466 <... epoll_wait resumed>[{events=EPOLLIN, data={u32=2025755936, u64=93838471238944}}], 256, -1) = 1
29185 getpid( <unfinished ...>
29466 getpid( <unfinished ...>
29185 <... getpid resumed>)             = 29185
29466 <... getpid resumed>)             = 29185
29185 getpid( <unfinished ...>
29466 getpid( <unfinished ...>
29185 <... getpid resumed>)             = 29185
29466 <... getpid resumed>)             = 29185
29185 poll([{fd=3, events=POLLIN}], 1, -1 <unfinished ...>
29466 poll([{fd=4, events=POLLIN}], 1, 0) = 1 ([{fd=4, revents=POLLIN}])
29466 getpid()                          = 29185
29466 read(4, "\1\0\0\0\0\0\0\0", 8)    = 8
29466 getpid()                          = 29185
29466 write(3, "\1\0\0\0\0\0\0\0", 8 <unfinished ...>
29185 <... poll resumed>)               = 1 ([{fd=3, revents=POLLIN}])
29466 <... write resumed>)              = 8
29185 getpid( <unfinished ...>
29466 epoll_ctl(5, EPOLL_CTL_DEL, 4, 0x555878be9524 <unfinished ...>
29185 <... getpid resumed>)             = 29185
29466 <... epoll_ctl resumed>)          = 0
29185 read(3,  <unfinished ...>
29466 getpid( <unfinished ...>
29185 <... read resumed>"\1\0\0\0\0\0\0\0", 8) = 8
29466 <... getpid resumed>)             = 29185
29185 getpid( <unfinished ...>
29466 getpid( <unfinished ...>
29185 <... getpid resumed>)             = 29185
29466 <... getpid resumed>)             = 29185
29185 write(6, "\1\0\0\0\0\0\0\0", 8 <unfinished ...>
29466 poll([{fd=4, events=POLLIN}], 1, 0 <unfinished ...>
29185 <... write resumed>)              = 8
29466 <... poll resumed>)               = 0 (Timeout)
29185 futex(0x7f913a290910, FUTEX_WAIT_BITSET|FUTEX_CLOCK_REALTIME, 29467, NULL, FUTEX_BITSET_MATCH_ANY <unfinished ...>
29467 <... epoll_wait resumed>[{events=EPOLLIN, data={u32=2025734752, u64=93838471217760}}], 256, -1) = 1
29466 rt_sigprocmask(SIG_BLOCK, ~[RT_1],  <unfinished ...>
29467 getpid( <unfinished ...>
29466 <... rt_sigprocmask resumed>NULL, 8) = 0
29467 <... getpid resumed>)             = 29185
29466 madvise(0x7f913a291000, 8368128, MADV_DONTNEED <unfinished ...>
29467 poll([{fd=6, events=POLLIN}], 1, 0 <unfinished ...>
29466 <... madvise resumed>)            = 0
29467 <... poll resumed>)               = 1 ([{fd=6, revents=POLLIN}])
29466 exit(0 <unfinished ...>
29467 getpid( <unfinished ...>
29466 <... exit resumed>)               = ?
29467 <... getpid resumed>)             = 29185
29466 +++ exited with 0 +++
29467 read(6, "\1\0\0\0\0\0\0\0", 8)    = 8
29467 epoll_ctl(7, EPOLL_CTL_DEL, 6, 0x555878be4264) = 0
29467 getpid()                          = 29185
29467 poll([{fd=6, events=POLLIN}], 1, 0) = 0 (Timeout)
29467 rt_sigprocmask(SIG_BLOCK, ~[RT_1], NULL, 8) = 0
29467 madvise(0x7f9139a90000, 8368128, MADV_DONTNEED) = 0
29467 exit(0)                           = ?
29185 <... futex resumed>)              = 0
29467 +++ exited with 0 +++
29185 close(7)                          = 0
29185 close(6)                          = 0
29185 close(5)                          = 0
29185 close(4)                          = 0
29185 close(3)                          = 0
29185 write(1, "Exiting...\n", 11)      = 11
29185 exit_group(0)                     = ?
29185 +++ exited with 0 +++
